HI-TECH Software C Compiler 

Linker command line:

--edf=C:\Program Files (x86)\HI-TECH Software\PICC\9.83\dat\en_msgs.txt -cs \
  -h+adc_temp_sensor.sym -z -Q16F877A -ol.obj -Madc_temp_sensor.map -E1 \
  -ACONST=00h-0FFhx32 -ACODE=00h-07FFhx4 -ASTRCODE=00h-01FFFh \
  -AENTRY=00h-0FFhx32 -ASTRING=00h-0FFhx32 -ABANK0=020h-06Fh \
  -ABANK1=0A0h-0EFh -ABANK2=0110h-016Fh -ABANK3=0190h-01EFh \
  -ARAM=020h-06Fh,0A0h-0EFh,0110h-016Fh,0190h-01EFh \
  -AABS1=020h-07Fh,0A0h-0EFh,0110h-016Fh,0190h-01EFh -ACOMMON=070h-07Fh \
  -ASFR0=00h-01Fh -ASFR1=080h-09Fh -ASFR2=0100h-010Fh -ASFR3=0180h-018Fh \
  -preset_vec=00h,intentry=04h,init,end_init -ppowerup=CODE -pfunctab=CODE \
  -ACONFIG=02007h-02007h -pconfig=CONFIG -DCONFIG=2 -AIDLOC=02000h-02003h \
  -pidloc=IDLOC -DIDLOC=2 -AEEDATA=00h-0FFh/02100h -peeprom_data=EEDATA \
  -DEEDATA=2 -DCODE=2 -DSTRCODE=2 -DSTRING=2 -DCONST=2 -DENTRY=2 -k \
  startup.obj adc_temp_sensor.obj 

Object code version is 3.10

Machine type is 16F877A



                Name                               Link     Load   Length Selector   Space Scale
startup.obj     end_init                              C        C        3        8       0
                reset_vec                             0        0        3        0       0
adc_temp_sensor.obj
                intentry                              4        4        8        8       0
                config                             2007     2007        1     400E       0
                text340                             383      383       20        8       0
                text338                             257      257       62        8       0
                text337                             2B9      2B9       45        8       0
                text336                             2FE      2FE       3D        8       0
                text331                               F        F      13A        8       0
                text330                             33B      33B       26        8       0
                text329                             361      361       22        8       0
                maintext                            149      149      10E        8       0
                cstackBANK0                          20       20       1C       20       1
                cstackCOMMON                         70       70        6       70       1
                clrtext                             3CE      3CE        8      77E       0
                bssBANK0                             3C       3C       10       20       1
                bssCOMMON                            76       76        4       70       1
                cinit                               3BF      3BF        F      77E       0
                strings                             3A3      3A3       1C      746       0

TOTAL           Name                               Link     Load   Length     Space
        CLASS   CONST          

        CLASS   CODE           
                end_init                              C        C        3         0
                intentry                              4        4        8         0
                reset_vec                             0        0        3         0
                text340                             383      383       20         0
                text338                             257      257       62         0
                text337                             2B9      2B9       45         0
                text336                             2FE      2FE       3D         0
                text331                               F        F      13A         0
                text330                             33B      33B       26         0
                text329                             361      361       22         0
                maintext                            149      149      10E         0
                clrtext                             3CE      3CE        8         0
                cinit                               3BF      3BF        F         0

        CLASS   STRCODE        

        CLASS   ENTRY          

        CLASS   STRING         
                strings                             3A3      3A3       1C         0

        CLASS   BANK0          
                cstackBANK0                          20       20       1C         1
                bssBANK0                             3C       3C       10         1

        CLASS   BANK1          

        CLASS   BANK2          

        CLASS   BANK3          

        CLASS   RAM            

        CLASS   ABS1           
                abs_s1                               7E       7E        2         1

        CLASS   COMMON         
                cstackCOMMON                         70       70        6         1
                bssCOMMON                            76       76        4         1

        CLASS   SFR0           

        CLASS   SFR1           

        CLASS   SFR2           

        CLASS   SFR3           

        CLASS   CONFIG         
                config                             2007     2007        1         0

        CLASS   IDLOC          

        CLASS   EEDATA         



SEGMENTS        Name                           Load    Length   Top    Selector   Space  Class     Delta

                reset_vec                      000000  000003  000003         0       0  CODE        2
                intentry                       000004  00039F  0003A3         8       0  CODE        2
                cstackBANK0                    000020  00002C  00004C        20       1  BANK0       1
                cstackCOMMON                   000070  00000A  00007A        70       1  COMMON      1
                strings                        0003A3  00001C  0003BF       746       0  STRING      2
                cinit                          0003BF  000017  0003D6       77E       0  CODE        2
                config                         002007  000001  002008      400E       0  CONFIG      2


UNUSED ADDRESS RANGES

        Name                Unused          Largest block    Delta
        BANK0            004C-006F             24           1
        BANK1            00A0-00EF             50           1
        BANK2            0110-016F             60           1
        BANK3            0190-01EF             60           1
        CODE             0003-0003              1           2
                         03D6-1FFF            800
        COMMON           007A-007D              4           1
        CONST            0003-0003              1           2
                         03D6-1FFF            100
        EEDATA           2100-21FF            100           2
        ENTRY            0003-0003              1           2
                         03D6-1FFF            100
        IDLOC            2000-2003              4           2
        RAM              004C-006F             24           1
                         00A0-00EF             50
                         0110-016F             60
                         0190-01EF             60
        SFR0             0000-001F             20           1
        SFR1             0080-009F             20           1
        SFR2             0100-010F             10           1
        SFR3             0180-018F             10           1
        STRCODE          0003-0003              1           2
                         03D6-1FFF           1C2A
        STRING           0003-0003              1           2
                         03D6-1FFF            100

                                  Symbol Table

??___awdiv                    cstackCOMMON 0074
??___awmod                    cstackCOMMON 0074
??___awtoft                   cstackCOMMON 0074
??___ftdiv                    cstackBANK0  0031
??___ftmul                    cstackBANK0  002E
??___ftpack                   cstackBANK0  0025
??___fttol                    cstackBANK0  0024
??_adcc                       cstackCOMMON 0070
??_lcd_command                cstackCOMMON 0074
??_lcd_data                   cstackCOMMON 0074
??_lcd_init                   cstackCOMMON 0076
??_lcd_string_data            cstackCOMMON 0076
??_main                       cstackBANK0  003A
?___awdiv                     cstackBANK0  002D
?___awmod                     cstackBANK0  002D
?___awtoft                    cstackBANK0  0028
?___ftdiv                     cstackBANK0  002B
?___ftmul                     cstackBANK0  0028
?___ftpack                    cstackBANK0  0020
?___fttol                     cstackBANK0  0020
?_adcc                        cstackCOMMON 0070
?_lcd_command                 cstackCOMMON 0070
?_lcd_data                    cstackCOMMON 0070
?_lcd_init                    cstackCOMMON 0070
?_lcd_string_data             cstackBANK0  0021
?_main                        cstackCOMMON 0070
_ADCON0                       (abs)        001F
_ADCON1                       (abs)        009F
_ADIE                         (abs)        0466
_ADIF                         (abs)        0066
_ADRESH                       (abs)        001E
_ADRESL                       (abs)        009E
_GIE                          (abs)        005F
_GO_nDONE                     (abs)        00FA
_PEIE                         (abs)        005E
_PORTC                        (abs)        0007
_RD0                          (abs)        0040
_RD1                          (abs)        0041
_RD2                          (abs)        0042
_TRISC                        (abs)        0087
_TRISD                        (abs)        0088
__Habs1                       abs1         0000
__Hbank0                      bank0        0000
__Hbank1                      bank1        0000
__Hbank2                      bank2        0000
__Hbank3                      bank3        0000
__HbssBANK0                   bssBANK0     0000
__HbssCOMMON                  bssCOMMON    0000
__Hcinit                      cinit        0000
__Hclrtext                    clrtext      0000
__Hcode                       code         0000
__Hcommon                     common       0000
__Hconfig                     config       2008
__HcstackBANK0                cstackBANK0  0000
__HcstackCOMMON               cstackCOMMON 0000
__Heeprom_data                eeprom_data  0000
__Hend_init                   end_init     000F
__Hfunctab                    functab      0000
__Hidloc                      idloc        0000
__Hinit                       init         000C
__Hintentry                   intentry     000C
__Hmaintext                   maintext     0000
__Hpa_nodes                   pa_nodes     0000
__Hpowerup                    powerup      0000
__Hram                        ram          0000
__Hreset_vec                  reset_vec    0003
__Hsfr0                       sfr0         0000
__Hsfr1                       sfr1         0000
__Hsfr2                       sfr2         0000
__Hsfr3                       sfr3         0000
__Hstrings                    strings      0000
__Htext                       text         0000
__Labs1                       abs1         0000
__Lbank0                      bank0        0000
__Lbank1                      bank1        0000
__Lbank2                      bank2        0000
__Lbank3                      bank3        0000
__LbssBANK0                   bssBANK0     0000
__LbssCOMMON                  bssCOMMON    0000
__Lcinit                      cinit        0000
__Lclrtext                    clrtext      0000
__Lcode                       code         0000
__Lcommon                     common       0000
__Lconfig                     config       2007
__LcstackBANK0                cstackBANK0  0000
__LcstackCOMMON               cstackCOMMON 0000
__Leeprom_data                eeprom_data  0000
__Lend_init                   end_init     000C
__Lfunctab                    functab      0000
__Lidloc                      idloc        0000
__Linit                       init         000C
__Lintentry                   intentry     0004
__Lmaintext                   maintext     0000
__Lpa_nodes                   pa_nodes     0000
__Lpowerup                    powerup      0000
__Lram                        ram          0000
__Lreset_vec                  reset_vec    0000
__Lsfr0                       sfr0         0000
__Lsfr1                       sfr1         0000
__Lsfr2                       sfr2         0000
__Lsfr3                       sfr3         0000
__Lstrings                    strings      0000
__Ltext                       text         0000
__S0                          (abs)        2008
__S1                          (abs)        007A
__S2                          (abs)        0000
___awdiv                      text337      02B9
___awdiv@counter              cstackBANK0  0031
___awdiv@dividend             cstackBANK0  002F
___awdiv@divisor              cstackBANK0  002D
___awdiv@quotient             cstackBANK0  0033
___awdiv@sign                 cstackBANK0  0032
___awmod                      text336      02FE
___awmod@counter              cstackCOMMON 0074
___awmod@dividend             cstackBANK0  002F
___awmod@divisor              cstackBANK0  002D
___awmod@sign                 cstackCOMMON 0075
___awtoft                     text331      000F
___awtoft@c                   cstackBANK0  0028
___awtoft@sign                cstackCOMMON 0074
___ftdiv                      text331      002A
___ftdiv@cntr                 cstackBANK0  0034
___ftdiv@exp                  cstackBANK0  0038
___ftdiv@f1                   cstackBANK0  002E
___ftdiv@f2                   cstackBANK0  002B
___ftdiv@f3                   cstackBANK0  0035
___ftdiv@sign                 cstackBANK0  0039
___ftmul                      text331      0092
___ftmul@cntr                 cstackBANK0  0035
___ftmul@exp                  cstackBANK0  0031
___ftmul@f1                   cstackBANK0  0028
___ftmul@f2                   cstackBANK0  002B
___ftmul@f3_as_product        cstackBANK0  0032
___ftmul@sign                 cstackBANK0  0036
___ftpack                     text331      0101
___ftpack@arg                 cstackBANK0  0020
___ftpack@exp                 cstackBANK0  0023
___ftpack@sign                cstackBANK0  0024
___fttol                      text338      0257
___fttol@exp1                 cstackBANK0  002C
___fttol@f1                   cstackBANK0  0020
___fttol@lval                 cstackBANK0  0028
___fttol@sign1                cstackBANK0  0027
__end_of___awdiv              text337      02FE
__end_of___awmod              text336      033B
__end_of___awtoft             text331      002A
__end_of___ftdiv              text331      0092
__end_of___ftmul              text331      0101
__end_of___ftpack             text331      013F
__end_of___fttol              text338      02B2
__end_of_adcc                 text340      03A3
__end_of_lcd_command          text329      0383
__end_of_lcd_data             text330      0361
__end_of_lcd_init             text329      036F
__end_of_lcd_string_data      text330      034E
__end_of_main                 maintext     0257
__pbssBANK0                   bssBANK0     003C
__pbssCOMMON                  bssCOMMON    0076
__pcstackBANK0                cstackBANK0  0020
__pcstackCOMMON               cstackCOMMON 0070
__pintentry                   intentry     0004
__pmaintext                   maintext     0149
__pstrings                    strings      03A3
__ptext328                    text328      0000
__ptext329                    text329      0361
__ptext330                    text330      033B
__ptext331                    text331      000F
__ptext332                    text331      0092
__ptext333                    text331      002A
__ptext334                    text329      036F
__ptext335                    text330      034E
__ptext336                    text336      02FE
__ptext337                    text337      02B9
__ptext338                    text338      0257
__ptext339                    text331      0101
__ptext340                    text340      0383
__ptext341                    text341      0000
__size_of___awdiv             (abs)        0000
__size_of___awmod             (abs)        0000
__size_of___awtoft            (abs)        0000
__size_of___ftdiv             (abs)        0000
__size_of___ftmul             (abs)        0000
__size_of___ftpack            (abs)        0000
__size_of___fttol             (abs)        0000
__size_of_adcc                (abs)        0000
__size_of_lcd_command         (abs)        0000
__size_of_lcd_data            (abs)        0000
__size_of_lcd_init            (abs)        0000
__size_of_lcd_string_data     (abs)        0000
__size_of_main                (abs)        0000
_a                            bssCOMMON    0076
_adc                          bssBANK0     0042
_adc1                         bssBANK0     003C
_adcc                         text340      0383
_b                            bssBANK0     0044
_c                            bssBANK0     0046
_d                            bssCOMMON    0078
_e                            bssBANK0     0048
_exit                         init         000C
_f                            bssBANK0     004A
_lcd_command                  text329      036F
_lcd_data                     text330      034E
_lcd_init                     text329      0361
_lcd_string_data              text330      033B
_main                         maintext     0149
_temperature                  bssBANK0     003F
btemp                         (abs)        007E
clear_ram                     clrtext      03CE
end_of_initialization         cinit        03CA
i1l2294                                        
i1l2298                                        
interrupt_function            intentry     0004
intlevel0                     functab      0000
intlevel1                     functab      0000
intlevel2                     functab      0000
intlevel3                     functab      0000
intlevel4                     functab      0000
intlevel5                     functab      0000
l1547                                          
l1560                                          
l1628                                          
l2366                                          
l2368                                          
l2372                                          
l2378                                          
l2382                                          
l2392                                          
l2396                                          
l2400                                          
l2404                                          
l2410                                          
l2412                                          
l2416                                          
l2436                                          
l2440                                          
l2660                                          
l2662                                          
l2682                                          
l2684                                          
l2686                                          
l2688                                          
l2694                                          
l2696                                          
l2698                                          
l2700                                          
l2702                                          
l2710                                          
l2720                                          
l2726                                          
l2728                                          
l2730                                          
l2732                                          
l2734                                          
l2736                                          
l2738                                          
l2740                                          
l2742                                          
l2744                                          
l2746                                          
l2758                                          
l2760                                          
l2762                                          
l2764                                          
l2766                                          
l2768                                          
l2770                                          
l2772                                          
l2774                                          
l2780                                          
l2784                                          
l2786                                          
l2790                                          
l2804                                          
l2806                                          
l2808                                          
l2810                                          
l2812                                          
l2814                                          
l2816                                          
l2818                                          
l2826                                          
l2828                                          
l2830                                          
l2838                                          
l2840                                          
l2842                                          
l2846                                          
l2848                                          
l2852                                          
l2858                                          
l2862                                          
l2866                                          
l2868                                          
l2870                                          
l2872                                          
l2874                                          
l2876                                          
l2878                                          
l2880                                          
l2884                                          
l2886                                          
l2888                                          
l2890                                          
l2892                                          
l2894                                          
l2896                                          
l2898                                          
l2900                                          
l2902                                          
l2904                                          
l2906                                          
l2908                                          
l2910                                          
l2912                                          
l2914                                          
l2916                                          
l705                                           
l711                                           
l714                                           
l717                                           
lcd_command@COMMAND           cstackBANK0  0020
lcd_data@DATA                 cstackBANK0  0020
lcd_string_data@i             cstackBANK0  0023
lcd_string_data@string        cstackBANK0  0022
lcd_string_data@string_length cstackBANK0  0021
reset_vec                     reset_vec    0000
saved_w                       (abs)        007E
start                         init         000C
start_initialization          cinit        03BF
u970                                           
wtemp0                        (abs)        007E
