HI-TECH Software C Compiler 

Linker command line:

--edf=C:\Program Files (x86)\HI-TECH Software\PICC\9.83\dat\en_msgs.txt -cs \
  -h+keypad.sym -z -Q16F877A -ol.obj -Mkeypad.map -E1 -ACONST=00h-0FFhx32 \
  -ACODE=00h-07FFhx4 -ASTRCODE=00h-01FFFh -AENTRY=00h-0FFhx32 \
  -ASTRING=00h-0FFhx32 -ABANK0=020h-06Fh -ABANK1=0A0h-0EFh \
  -ABANK2=0110h-016Fh -ABANK3=0190h-01EFh \
  -ARAM=020h-06Fh,0A0h-0EFh,0110h-016Fh,0190h-01EFh \
  -AABS1=020h-07Fh,0A0h-0EFh,0110h-016Fh,0190h-01EFh -ACOMMON=070h-07Fh \
  -ASFR0=00h-01Fh -ASFR1=080h-09Fh -ASFR2=0100h-010Fh -ASFR3=0180h-018Fh \
  -preset_vec=00h,intentry,init,end_init -ppowerup=CODE -pfunctab=CODE \
  -ACONFIG=02007h-02007h -pconfig=CONFIG -DCONFIG=2 -AIDLOC=02000h-02003h \
  -pidloc=IDLOC -DIDLOC=2 -AEEDATA=00h-0FFh/02100h -peeprom_data=EEDATA \
  -DEEDATA=2 -DCODE=2 -DSTRCODE=2 -DSTRING=2 -DCONST=2 -DENTRY=2 -k \
  startup.obj keypad.obj 

Object code version is 3.10

Machine type is 16F877A



                Name                               Link     Load   Length Selector   Space Scale
startup.obj     end_init                              0        0        3        0       0
keypad.obj      config                             2007     2007        1     400E       0
                text66                              74B      74B       B5      E96       0
                maintext                            726      726       25      E4C       0
                cstackCOMMON                         70       70        6       70       1
                cinit                               722      722        4      E44       0
                strings                               3        3        E        6       0

TOTAL           Name                               Link     Load   Length     Space
        CLASS   CONST          

        CLASS   CODE           
                end_init                              0        0        3         0
                text66                              74B      74B       B5         0
                maintext                            726      726       25         0
                cinit                               722      722        4         0

        CLASS   STRCODE        

        CLASS   ENTRY          

        CLASS   STRING         
                strings                               3        3        E         0

        CLASS   BANK0          

        CLASS   BANK1          

        CLASS   BANK2          

        CLASS   BANK3          

        CLASS   RAM            

        CLASS   ABS1           
                abs_s1                               7E       7E        2         1

        CLASS   COMMON         
                cstackCOMMON                         70       70        6         1

        CLASS   SFR0           

        CLASS   SFR1           

        CLASS   SFR2           

        CLASS   SFR3           

        CLASS   CONFIG         
                config                             2007     2007        1         0

        CLASS   IDLOC          

        CLASS   EEDATA         



SEGMENTS        Name                           Load    Length   Top    Selector   Space  Class     Delta

                reset_vec                      000000  000003  000003         0       0  CODE        2
                strings                        000003  00000E  000011         6       0  STRING      2
                cstackCOMMON                   000070  000006  000076        70       1  COMMON      1
                cinit                          000722  000004  000726       E44       0  CODE        2
                maintext                       000726  000025  00074B       E4C       0  CODE        2
                text66                         00074B  0000B5  000800       E96       0  CODE        2
                config                         002007  000001  002008      400E       0  CONFIG      2


UNUSED ADDRESS RANGES

        Name                Unused          Largest block    Delta
        BANK0            0020-006F             50           1
        BANK1            00A0-00EF             50           1
        BANK2            0110-016F             60           1
        BANK3            0190-01EF             60           1
        CODE             0011-0721            711           2
                         0800-1FFF            800
        COMMON           0076-007D              8           1
        CONST            0011-0721            100           2
                         0800-1FFF            100
        EEDATA           2100-21FF            100           2
        ENTRY            0011-0721            100           2
                         0800-1FFF            100
        IDLOC            2000-2003              4           2
        RAM              0020-006F             50           1
                         00A0-00EF             50
                         0110-016F             60
                         0190-01EF             60
        SFR0             0000-001F             20           1
        SFR1             0080-009F             20           1
        SFR2             0100-010F             10           1
        SFR3             0180-018F             10           1
        STRCODE          0011-0721            711           2
                         0800-1FFF           1800
        STRING           0011-0721            100           2
                         0800-1FFF            100

                                  Symbol Table

??_keypad             cstackCOMMON 0073
??_lcd_command        cstackCOMMON 0070
??_lcd_data           cstackCOMMON 0070
??_lcd_init           cstackCOMMON 0073
??_lcd_string         cstackCOMMON 0074
??_main               cstackCOMMON 0076
?_keypad              cstackCOMMON 0070
?_lcd_command         cstackCOMMON 0070
?_lcd_data            cstackCOMMON 0070
?_lcd_init            cstackCOMMON 0070
?_lcd_string          cstackCOMMON 0073
?_main                cstackCOMMON 0070
_PORTC                (abs)        0007
_RA0                  (abs)        0028
_RB0                  (abs)        0030
_RB1                  (abs)        0031
_RB2                  (abs)        0032
_RB3                  (abs)        0033
_RB4                  (abs)        0034
_RB5                  (abs)        0035
_RB6                  (abs)        0036
_RD0                  (abs)        0040
_RD1                  (abs)        0041
_RD2                  (abs)        0042
_TRISA0               (abs)        0428
_TRISB                (abs)        0086
_TRISC                (abs)        0087
_TRISD                (abs)        0088
__Habs1               abs1         0000
__Hbank0              bank0        0000
__Hbank1              bank1        0000
__Hbank2              bank2        0000
__Hbank3              bank3        0000
__Hcinit              cinit        0000
__Hclrtext            clrtext      0000
__Hcode               code         0000
__Hcommon             common       0000
__Hconfig             config       2008
__HcstackCOMMON       cstackCOMMON 0000
__Heeprom_data        eeprom_data  0000
__Hend_init           end_init     0003
__Hfunctab            functab      0000
__Hidloc              idloc        0000
__Hinit               init         0000
__Hintentry           intentry     0000
__Hmaintext           maintext     0000
__Hpa_nodes           pa_nodes     0000
__Hpowerup            powerup      0000
__Hram                ram          0000
__Hreset_vec          reset_vec    0000
__Hsfr0               sfr0         0000
__Hsfr1               sfr1         0000
__Hsfr2               sfr2         0000
__Hsfr3               sfr3         0000
__Hstrings            strings      0000
__Htext               text         0000
__Labs1               abs1         0000
__Lbank0              bank0        0000
__Lbank1              bank1        0000
__Lbank2              bank2        0000
__Lbank3              bank3        0000
__Lcinit              cinit        0000
__Lclrtext            clrtext      0000
__Lcode               code         0000
__Lcommon             common       0000
__Lconfig             config       2007
__LcstackCOMMON       cstackCOMMON 0000
__Leeprom_data        eeprom_data  0000
__Lend_init           end_init     0000
__Lfunctab            functab      0000
__Lidloc              idloc        0000
__Linit               init         0000
__Lintentry           intentry     0000
__Lmaintext           maintext     0000
__Lpa_nodes           pa_nodes     0000
__Lpowerup            powerup      0000
__Lram                ram          0000
__Lreset_vec          reset_vec    0000
__Lsfr0               sfr0         0000
__Lsfr1               sfr1         0000
__Lsfr2               sfr2         0000
__Lsfr3               sfr3         0000
__Lstrings            strings      0000
__Ltext               text         0000
__S0                  (abs)        2008
__S1                  (abs)        0076
__S2                  (abs)        0000
__end_of_keypad       text66       07CB
__end_of_lcd_command  text66       0800
__end_of_lcd_data     text66       07DE
__end_of_lcd_init     text66       07EC
__end_of_lcd_string   text66       075E
__end_of_main         maintext     074B
__pcstackCOMMON       cstackCOMMON 0070
__pmaintext           maintext     0726
__pstrings            strings      0003
__ptext63             text63       0000
__ptext64             text66       075E
__ptext65             text66       07DE
__ptext66             text66       074B
__ptext67             text66       07EC
__ptext68             text66       07CB
__ptext69             text69       0000
__size_of_keypad      (abs)        0000
__size_of_lcd_command (abs)        0000
__size_of_lcd_data    (abs)        0000
__size_of_lcd_init    (abs)        0000
__size_of_lcd_string  (abs)        0000
__size_of_main        (abs)        0000
_exit                 init         0000
_keypad               text66       075E
_lcd_command          text66       07EC
_lcd_data             text66       07CB
_lcd_init             text66       07DE
_lcd_string           text66       074B
_main                 maintext     0726
btemp                 (abs)        007E
end_of_initialization cinit        0722
intlevel0             functab      0000
intlevel1             functab      0000
intlevel2             functab      0000
intlevel3             functab      0000
intlevel4             functab      0000
intlevel5             functab      0000
l1804                                  
l1806                                  
l1808                                  
l1810                                  
l1812                                  
l1814                                  
l1816                                  
l1818                                  
l1820                                  
l1822                                  
l1824                                  
l1828                                  
l1832                                  
l1834                                  
l1862                                  
l1864                                  
l1866                                  
l1868                                  
l1870                                  
l1872                                  
l1874                                  
l687                                   
l690                                   
l696                                   
l699                                   
lcd_command@command   cstackCOMMON 0072
lcd_data@data         cstackCOMMON 0072
lcd_string@i          cstackCOMMON 0075
lcd_string@len        cstackCOMMON 0073
lcd_string@string     cstackCOMMON 0074
reset_vec             reset_vec    0000
start                 init         0000
start_initialization  cinit        0722
wtemp0                (abs)        007E
