HI-TECH Software C Compiler 

Linker command line:

--edf=C:\Program Files (x86)\HI-TECH Software\PICC\9.83\dat\en_msgs.txt -cs \
  -h+lcd_interrupt.sym -z -Q16F877A -ol.obj -Mlcd_interrupt.map -E1 \
  -ACONST=00h-0FFhx32 -ACODE=00h-07FFhx4 -ASTRCODE=00h-01FFFh \
  -AENTRY=00h-0FFhx32 -ASTRING=00h-0FFhx32 -ABANK0=020h-06Fh \
  -ABANK1=0A0h-0EFh -ABANK2=0110h-016Fh -ABANK3=0190h-01EFh \
  -ARAM=020h-06Fh,0A0h-0EFh,0110h-016Fh,0190h-01EFh \
  -AABS1=020h-07Fh,0A0h-0EFh,0110h-016Fh,0190h-01EFh -ACOMMON=070h-07Fh \
  -ASFR0=00h-01Fh -ASFR1=080h-09Fh -ASFR2=0100h-010Fh -ASFR3=0180h-018Fh \
  -preset_vec=00h,intentry=04h,init,end_init -ppowerup=CODE -pfunctab=CODE \
  -ACONFIG=02007h-02007h -pconfig=CONFIG -DCONFIG=2 -AIDLOC=02000h-02003h \
  -pidloc=IDLOC -DIDLOC=2 -AEEDATA=00h-0FFh/02100h -peeprom_data=EEDATA \
  -DEEDATA=2 -DCODE=2 -DSTRCODE=2 -DSTRING=2 -DCONST=2 -DENTRY=2 -k \
  startup.obj lcd_interrupt.obj 

Object code version is 3.10

Machine type is 16F877A



                Name                               Link     Load   Length Selector   Space Scale
startup.obj     end_init                             12       12        3        8       0
                reset_vec                             0        0        3        0       0
lcd_interrupt.obj
                intentry                              4        4        E        8       0
                config                             2007     2007        1     400E       0
                text197                              15       15       53        8       0
                text194                              91       91       26        8       0
                text193                              DA       DA       22      1B4       0
                maintext                             68       68       29        8       0
                cstackBANK0                          20       20        6       20       1
                cstackCOMMON                         70       70        A       70       1
                cinit                                FC       FC        4      1B4       0
                strings                              B7       B7       23      16E       0

TOTAL           Name                               Link     Load   Length     Space
        CLASS   CONST          

        CLASS   CODE           
                end_init                             12       12        3         0
                intentry                              4        4        E         0
                reset_vec                             0        0        3         0
                text197                              15       15       53         0
                text194                              91       91       26         0
                text193                              DA       DA       22         0
                maintext                             68       68       29         0
                cinit                                FC       FC        4         0

        CLASS   STRCODE        

        CLASS   ENTRY          

        CLASS   STRING         
                strings                              B7       B7       23         0

        CLASS   BANK0          
                cstackBANK0                          20       20        6         1

        CLASS   BANK1          

        CLASS   BANK2          

        CLASS   BANK3          

        CLASS   RAM            

        CLASS   ABS1           
                abs_s1                               7E       7E        2         1

        CLASS   COMMON         
                cstackCOMMON                         70       70        A         1

        CLASS   SFR0           

        CLASS   SFR1           

        CLASS   SFR2           

        CLASS   SFR3           

        CLASS   CONFIG         
                config                             2007     2007        1         0

        CLASS   IDLOC          

        CLASS   EEDATA         



SEGMENTS        Name                           Load    Length   Top    Selector   Space  Class     Delta

                reset_vec                      000000  000003  000003         0       0  CODE        2
                intentry                       000004  0000B3  0000B7         8       0  CODE        2
                cstackBANK0                    000020  000006  000026        20       1  BANK0       1
                cstackCOMMON                   000070  00000A  00007A        70       1  COMMON      1
                strings                        0000B7  000023  0000DA       16E       0  STRING      2
                text193                        0000DA  000026  000100       1B4       0  CODE        2
                config                         002007  000001  002008      400E       0  CONFIG      2


UNUSED ADDRESS RANGES

        Name                Unused          Largest block    Delta
        BANK0            0026-006F             4A           1
        BANK1            00A0-00EF             50           1
        BANK2            0110-016F             60           1
        BANK3            0190-01EF             60           1
        CODE             0003-0003              1           2
                         0100-1FFF            800
        COMMON           007A-007D              4           1
        CONST            0003-0003              1           2
                         0100-1FFF            100
        EEDATA           2100-21FF            100           2
        ENTRY            0003-0003              1           2
                         0100-1FFF            100
        IDLOC            2000-2003              4           2
        RAM              0026-006F             4A           1
                         00A0-00EF             50
                         0110-016F             60
                         0190-01EF             60
        SFR0             0000-001F             20           1
        SFR1             0080-009F             20           1
        SFR2             0100-010F             10           1
        SFR3             0180-018F             10           1
        STRCODE          0003-0003              1           2
                         0100-1FFF           1F00
        STRING           0003-0003              1           2
                         0100-1FFF            100

                                  Symbol Table

??_button                  cstackCOMMON 0076
??_lcd_command             cstackBANK0  0020
??_lcd_data                cstackBANK0  0020
??_lcd_init                cstackBANK0  0023
??_lcd_string              cstackBANK0  0024
??_main                    cstackBANK0  0026
??i1_lcd_command           cstackCOMMON 0070
??i1_lcd_data              cstackCOMMON 0070
??i1_lcd_string            cstackCOMMON 0074
?_button                   cstackCOMMON 0070
?_lcd_command              cstackCOMMON 0070
?_lcd_data                 cstackCOMMON 0070
?_lcd_init                 cstackCOMMON 0070
?_lcd_string               cstackBANK0  0023
?_main                     cstackCOMMON 0070
?i1_lcd_command            cstackCOMMON 0070
?i1_lcd_data               cstackCOMMON 0070
?i1_lcd_string             cstackCOMMON 0073
_GIE                       (abs)        005F
_INTE                      (abs)        005C
_INTEDG                    (abs)        040E
_INTF                      (abs)        0059
_PEIE                      (abs)        005E
_PORTC                     (abs)        0007
_RD0                       (abs)        0040
_RD1                       (abs)        0041
_RD2                       (abs)        0042
_TRISC                     (abs)        0087
_TRISD                     (abs)        0088
__Habs1                    abs1         0000
__Hbank0                   bank0        0000
__Hbank1                   bank1        0000
__Hbank2                   bank2        0000
__Hbank3                   bank3        0000
__Hcinit                   cinit        0000
__Hclrtext                 clrtext      0000
__Hcode                    code         0000
__Hcommon                  common       0000
__Hconfig                  config       2008
__HcstackBANK0             cstackBANK0  0000
__HcstackCOMMON            cstackCOMMON 0000
__Heeprom_data             eeprom_data  0000
__Hend_init                end_init     0015
__Hfunctab                 functab      0000
__Hidloc                   idloc        0000
__Hinit                    init         0012
__Hintentry                intentry     0012
__Hmaintext                maintext     0000
__Hpa_nodes                pa_nodes     0000
__Hpowerup                 powerup      0000
__Hram                     ram          0000
__Hreset_vec               reset_vec    0003
__Hsfr0                    sfr0         0000
__Hsfr1                    sfr1         0000
__Hsfr2                    sfr2         0000
__Hsfr3                    sfr3         0000
__Hstrings                 strings      0000
__Htext                    text         0000
__Labs1                    abs1         0000
__Lbank0                   bank0        0000
__Lbank1                   bank1        0000
__Lbank2                   bank2        0000
__Lbank3                   bank3        0000
__Lcinit                   cinit        0000
__Lclrtext                 clrtext      0000
__Lcode                    code         0000
__Lcommon                  common       0000
__Lconfig                  config       2007
__LcstackBANK0             cstackBANK0  0000
__LcstackCOMMON            cstackCOMMON 0000
__Leeprom_data             eeprom_data  0000
__Lend_init                end_init     0012
__Lfunctab                 functab      0000
__Lidloc                   idloc        0000
__Linit                    init         0012
__Lintentry                intentry     0004
__Lmaintext                maintext     0000
__Lpa_nodes                pa_nodes     0000
__Lpowerup                 powerup      0000
__Lram                     ram          0000
__Lreset_vec               reset_vec    0000
__Lsfr0                    sfr0         0000
__Lsfr1                    sfr1         0000
__Lsfr2                    sfr2         0000
__Lsfr3                    sfr3         0000
__Lstrings                 strings      0000
__Ltext                    text         0000
__S0                       (abs)        2008
__S1                       (abs)        007A
__S2                       (abs)        0000
__end_of_button            text197      002F
__end_of_lcd_command       text193      00FC
__end_of_lcd_data          text194      00B7
__end_of_lcd_init          text193      00E8
__end_of_lcd_string        text194      00A4
__end_of_main              maintext     0091
__end_ofi1_lcd_command     text197      0042
__end_ofi1_lcd_data        text197      0068
__end_ofi1_lcd_string      text197      0055
__pcstackBANK0             cstackBANK0  0020
__pcstackCOMMON            cstackCOMMON 0070
__pintentry                intentry     0004
__pmaintext                maintext     0068
__pstrings                 strings      00B7
__ptext192                 text192      0000
__ptext193                 text193      00DA
__ptext194                 text194      0091
__ptext195                 text193      00E8
__ptext196                 text194      00A4
__ptext197                 text197      0015
__ptext198                 text197      0042
__ptext199                 text197      002F
__ptext200                 text197      0055
__ptext201                 text201      0000
__size_of_button           (abs)        0000
__size_of_lcd_command      (abs)        0000
__size_of_lcd_data         (abs)        0000
__size_of_lcd_init         (abs)        0000
__size_of_lcd_string       (abs)        0000
__size_of_main             (abs)        0000
__size_ofi1_lcd_command    (abs)        0000
__size_ofi1_lcd_data       (abs)        0000
__size_ofi1_lcd_string     (abs)        0000
_button                    text197      0015
_exit                      init         0012
_lcd_command               text193      00E8
_lcd_data                  text194      00A4
_lcd_init                  text193      00DA
_lcd_string                text194      0091
_main                      maintext     0068
btemp                      (abs)        007E
end_of_initialization      cinit        00FC
i1_lcd_command             text197      002F
i1_lcd_data                text197      0055
i1_lcd_string              text197      0042
i1l1868                                     
i1l1872                                     
i1l1874                                     
i1l1876                                     
i1l1878                                     
i1l1880                                     
i1l1882                                     
i1l1884                                     
i1l1886                                     
i1l1888                                     
i1l1890                                     
i1l1892                                     
i1l1894                                     
i1l1896                                     
i1l1900                                     
i1l687                                      
i1l690                                      
i1l696                                      
i1lcd_command@command      cstackCOMMON 0072
i1lcd_data@data            cstackCOMMON 0072
i1lcd_string@i             cstackCOMMON 0075
i1lcd_string@string        cstackCOMMON 0074
i1lcd_string@string_length cstackCOMMON 0073
interrupt_function         intentry     0004
intlevel0                  functab      0000
intlevel1                  functab      0000
intlevel2                  functab      0000
intlevel3                  functab      0000
intlevel4                  functab      0000
intlevel5                  functab      0000
l1904                                       
l1906                                       
l1908                                       
l1910                                       
l1912                                       
l1914                                       
l1916                                       
l1918                                       
l1920                                       
l1922                                       
l1924                                       
l1928                                       
l1932                                       
l1934                                       
l1936                                       
l1938                                       
l1940                                       
l1942                                       
l1944                                       
l1948                                       
l1950                                       
l1952                                       
l687                                        
l690                                        
l696                                        
l699                                        
lcd_command@command        cstackBANK0  0022
lcd_data@data              cstackBANK0  0022
lcd_string@i               cstackBANK0  0025
lcd_string@string          cstackBANK0  0024
lcd_string@string_length   cstackBANK0  0023
reset_vec                  reset_vec    0000
saved_w                    (abs)        007E
start                      init         0012
start_initialization       cinit        00FC
wtemp0                     (abs)        007E
