HI-TECH Software C Compiler 

Linker command line:

--edf=C:\Program Files (x86)\HI-TECH Software\PICC\9.83\dat\en_msgs.txt -cs \
  -h+uart.sym -z -Q16F877A -ol.obj -Muart.map -E1 -ACONST=00h-0FFhx32 \
  -ACODE=00h-07FFhx4 -ASTRCODE=00h-01FFFh -AENTRY=00h-0FFhx32 \
  -ASTRING=00h-0FFhx32 -ABANK0=020h-06Fh -ABANK1=0A0h-0EFh \
  -ABANK2=0110h-016Fh -ABANK3=0190h-01EFh \
  -ARAM=020h-06Fh,0A0h-0EFh,0110h-016Fh,0190h-01EFh \
  -AABS1=020h-07Fh,0A0h-0EFh,0110h-016Fh,0190h-01EFh -ACOMMON=070h-07Fh \
  -ASFR0=00h-01Fh -ASFR1=080h-09Fh -ASFR2=0100h-010Fh -ASFR3=0180h-018Fh \
  -preset_vec=00h,intentry,init,end_init -ppowerup=CODE -pfunctab=CODE \
  -ACONFIG=02007h-02007h -pconfig=CONFIG -DCONFIG=2 -AIDLOC=02000h-02003h \
  -pidloc=IDLOC -DIDLOC=2 -AEEDATA=00h-0FFh/02100h -peeprom_data=EEDATA \
  -DEEDATA=2 -DCODE=2 -DSTRCODE=2 -DSTRING=2 -DCONST=2 -DENTRY=2 -k \
  startup.obj uart.obj 

Object code version is 3.10

Machine type is 16F877A



                Name                               Link     Load   Length Selector   Space Scale
startup.obj     end_init                              0        0        3        0       0
uart.obj        config                             2007     2007        1     400E       0
                text70                              7B4      7B4        A      F68       0
                text68                              7AF      7AF        5      F5E       0
                text67                              7BE      7BE       21      F7C       0
                maintext                            7DF      7DF       21      FBE       0
                cstackCOMMON                         70       70        9       70       1
                cinit                               7AB      7AB        4      F56       0
                strings                               3        3        F        6       0

TOTAL           Name                               Link     Load   Length     Space
        CLASS   CONST          

        CLASS   CODE           
                end_init                              0        0        3         0
                text70                              7B4      7B4        A         0
                text68                              7AF      7AF        5         0
                text67                              7BE      7BE       21         0
                maintext                            7DF      7DF       21         0
                cinit                               7AB      7AB        4         0

        CLASS   STRCODE        

        CLASS   ENTRY          

        CLASS   STRING         
                strings                               3        3        F         0

        CLASS   BANK0          

        CLASS   BANK1          

        CLASS   BANK2          

        CLASS   BANK3          

        CLASS   RAM            

        CLASS   ABS1           
                abs_s1                               7E       7E        2         1

        CLASS   COMMON         
                cstackCOMMON                         70       70        9         1

        CLASS   SFR0           

        CLASS   SFR1           

        CLASS   SFR2           

        CLASS   SFR3           

        CLASS   CONFIG         
                config                             2007     2007        1         0

        CLASS   IDLOC          

        CLASS   EEDATA         



SEGMENTS        Name                           Load    Length   Top    Selector   Space  Class     Delta

                reset_vec                      000000  000003  000003         0       0  CODE        2
                strings                        000003  00000F  000012         6       0  STRING      2
                cstackCOMMON                   000070  000009  000079        70       1  COMMON      1
                cinit                          0007AB  000004  0007AF       F56       0  CODE        2
                text68                         0007AF  000005  0007B4       F5E       0  CODE        2
                text70                         0007B4  00000A  0007BE       F68       0  CODE        2
                text67                         0007BE  000021  0007DF       F7C       0  CODE        2
                maintext                       0007DF  000021  000800       FBE       0  CODE        2
                config                         002007  000001  002008      400E       0  CONFIG      2


UNUSED ADDRESS RANGES

        Name                Unused          Largest block    Delta
        BANK0            0020-006F             50           1
        BANK1            00A0-00EF             50           1
        BANK2            0110-016F             60           1
        BANK3            0190-01EF             60           1
        CODE             0012-07AA            799           2
                         0800-1FFF            800
        COMMON           0079-007D              5           1
        CONST            0012-07AA            100           2
                         0800-1FFF            100
        EEDATA           2100-21FF            100           2
        ENTRY            0012-07AA            100           2
                         0800-1FFF            100
        IDLOC            2000-2003              4           2
        RAM              0020-006F             50           1
                         00A0-00EF             50
                         0110-016F             60
                         0190-01EF             60
        SFR0             0000-001F             20           1
        SFR1             0080-009F             20           1
        SFR2             0100-010F             10           1
        SFR3             0180-018F             10           1
        STRCODE          0012-07AA            799           2
                         0800-1FFF           1800
        STRING           0012-07AA            100           2
                         0800-1FFF            100

                                  Symbol Table

??_main                            cstackCOMMON 0076
??_uart_init                       cstackCOMMON 0070
??_uart_receive                    cstackCOMMON 0070
??_uart_string_transmit            cstackCOMMON 0073
??_uart_transmit                   cstackCOMMON 0070
?_main                             cstackCOMMON 0070
?_uart_init                        cstackCOMMON 0070
?_uart_receive                     cstackCOMMON 0070
?_uart_string_transmit             cstackCOMMON 0071
?_uart_transmit                    cstackCOMMON 0070
_RCIF                              (abs)        0065
_RCREG                             (abs)        001A
_RCSTA                             (abs)        0018
_SPBRG                             (abs)        0099
_TXIF                              (abs)        0064
_TXREG                             (abs)        0019
_TXSTA                             (abs)        0098
__Habs1                            abs1         0000
__Hbank0                           bank0        0000
__Hbank1                           bank1        0000
__Hbank2                           bank2        0000
__Hbank3                           bank3        0000
__Hcinit                           cinit        0000
__Hclrtext                         clrtext      0000
__Hcode                            code         0000
__Hcommon                          common       0000
__Hconfig                          config       2008
__HcstackCOMMON                    cstackCOMMON 0000
__Heeprom_data                     eeprom_data  0000
__Hend_init                        end_init     0003
__Hfunctab                         functab      0000
__Hidloc                           idloc        0000
__Hinit                            init         0000
__Hintentry                        intentry     0000
__Hmaintext                        maintext     0000
__Hpa_nodes                        pa_nodes     0000
__Hpowerup                         powerup      0000
__Hram                             ram          0000
__Hreset_vec                       reset_vec    0000
__Hsfr0                            sfr0         0000
__Hsfr1                            sfr1         0000
__Hsfr2                            sfr2         0000
__Hsfr3                            sfr3         0000
__Hstrings                         strings      0000
__Htext                            text         0000
__Labs1                            abs1         0000
__Lbank0                           bank0        0000
__Lbank1                           bank1        0000
__Lbank2                           bank2        0000
__Lbank3                           bank3        0000
__Lcinit                           cinit        0000
__Lclrtext                         clrtext      0000
__Lcode                            code         0000
__Lcommon                          common       0000
__Lconfig                          config       2007
__LcstackCOMMON                    cstackCOMMON 0000
__Leeprom_data                     eeprom_data  0000
__Lend_init                        end_init     0000
__Lfunctab                         functab      0000
__Lidloc                           idloc        0000
__Linit                            init         0000
__Lintentry                        intentry     0000
__Lmaintext                        maintext     0000
__Lpa_nodes                        pa_nodes     0000
__Lpowerup                         powerup      0000
__Lram                             ram          0000
__Lreset_vec                       reset_vec    0000
__Lsfr0                            sfr0         0000
__Lsfr1                            sfr1         0000
__Lsfr2                            sfr2         0000
__Lsfr3                            sfr3         0000
__Lstrings                         strings      0000
__Ltext                            text         0000
__S0                               (abs)        2008
__S1                               (abs)        0079
__S2                               (abs)        0000
__end_of_main                      maintext     0800
__end_of_uart_init                 text70       07BE
__end_of_uart_receive              text68       07B4
__end_of_uart_string_transmit      text67       07D8
__end_of_uart_transmit             text67       07DF
__pcstackCOMMON                    cstackCOMMON 0070
__pmaintext                        maintext     07DF
__pstrings                         strings      0003
__ptext66                          text66       0000
__ptext67                          text67       07BE
__ptext68                          text68       07AF
__ptext69                          text67       07D8
__ptext70                          text70       07B4
__ptext71                          text71       0000
__size_of_main                     (abs)        0000
__size_of_uart_init                (abs)        0000
__size_of_uart_receive             (abs)        0000
__size_of_uart_string_transmit     (abs)        0000
__size_of_uart_transmit            (abs)        0000
_exit                              init         0000
_main                              maintext     07DF
_uart_init                         text70       07B4
_uart_receive                      text68       07AF
_uart_string_transmit              text67       07BE
_uart_transmit                     text67       07D8
btemp                              (abs)        007E
end_of_initialization              cinit        07AB
intlevel0                          functab      0000
intlevel1                          functab      0000
intlevel2                          functab      0000
intlevel3                          functab      0000
intlevel4                          functab      0000
intlevel5                          functab      0000
l1756                                               
l1758                                               
l1762                                               
l1770                                               
l1774                                               
l1778                                               
l1782                                               
l1784                                               
l687                                                
l693                                                
l699                                                
reset_vec                          reset_vec    0000
start                              init         0000
start_initialization               cinit        07AB
uart_string_transmit@i             cstackCOMMON 0074
uart_string_transmit@string        cstackCOMMON 0073
uart_string_transmit@string_length cstackCOMMON 0071
uart_transmit@data                 cstackCOMMON 0070
wtemp0                             (abs)        007E
